// Jest Snapshot v1, https://goo.gl/fbAQLP

exports[`Filter page matches snapshot 1`] = `
<RCTSafeAreaView
  emulateUnlessSupported={true}
  style={
    Array [
      Object {
        "backgroundColor": "white",
        "flexBasis": 0,
        "flexGrow": 1,
        "flexShrink": 1,
      },
    ]
  }
>
  <View
    style={
      Array [
        Object {
          "borderBottomColor": "rgba(0, 0, 0, 0.12)",
          "borderBottomWidth": 1,
          "borderStyle": "solid",
          "height": 50,
          "justifyContent": "center",
          "paddingBottom": 0,
          "paddingLeft": 10,
          "paddingRight": 10,
          "paddingTop": 0,
        },
      ]
    }
  >
    <Icon
      name="window-close"
      onPress={[Function]}
      size={25}
    />
  </View>
  <RCTScrollView
    footerHeight={70}
    showsVerticalScrollIndicator={false}
    style={
      Array [
        Object {
          "marginBottom": 70,
          "paddingBottom": 10,
          "paddingLeft": 10,
          "paddingRight": 10,
          "paddingTop": 10,
        },
      ]
    }
  >
    <View>
      <View
        style={
          Array [
            Object {
              "marginBottom": 30,
              "marginLeft": 0,
              "marginRight": 0,
              "marginTop": 30,
            },
          ]
        }
      >
        <Text
          style={
            Array [
              Object {
                "color": "#000000",
                "fontFamily": "System",
                "fontWeight": "400",
                "textAlign": "left",
              },
              Array [
                Object {
                  "fontFamily": "bcsans-bold",
                  "fontSize": 18,
                  "marginBottom": 20,
                },
              ],
            ]
          }
        >
          Distance
        </Text>
        <View>
          <View
            style={
              Array [
                Object {
                  "height": 50,
                  "justifyContent": "center",
                  "position": "relative",
                },
                Object {
                  "alignSelf": "center",
                  "overflow": "visible",
                },
              ]
            }
          >
            <View
              style={
                Array [
                  Object {
                    "flexDirection": "row",
                  },
                  Object {
                    "width": 695,
                  },
                ]
              }
            >
              <View
                style={
                  Array [
                    Object {
                      "backgroundColor": "#A7A7A7",
                      "borderRadius": 2,
                      "height": 2,
                    },
                    Object {
                      "marginTop": 24,
                    },
                    Object {
                      "backgroundColor": undefined,
                    },
                    Object {
                      "width": 695,
                    },
                  ]
                }
              />
              <View
                style={
                  Array [
                    Object {
                      "backgroundColor": "#A7A7A7",
                      "borderRadius": 2,
                      "height": 2,
                    },
                    Object {
                      "marginTop": 24,
                    },
                    Object {
                      "backgroundColor": undefined,
                    },
                    Object {
                      "width": 0,
                    },
                  ]
                }
              />
              <View
                style={
                  Array [
                    Object {
                      "alignItems": "center",
                      "backgroundColor": "transparent",
                      "height": 48,
                      "justifyContent": "center",
                      "position": "absolute",
                      "width": 48,
                    },
                    Object {
                      "left": 671,
                      "top": -24,
                    },
                    undefined,
                    Object {
                      "zIndex": 1,
                    },
                  ]
                }
              >
                <View
                  onMoveShouldSetResponder={[Function]}
                  onMoveShouldSetResponderCapture={[Function]}
                  onResponderEnd={[Function]}
                  onResponderGrant={[Function]}
                  onResponderMove={[Function]}
                  onResponderReject={[Function]}
                  onResponderRelease={[Function]}
                  onResponderStart={[Function]}
                  onResponderTerminate={[Function]}
                  onResponderTerminationRequest={[Function]}
                  onStartShouldSetResponder={[Function]}
                  onStartShouldSetResponderCapture={[Function]}
                  style={
                    Array [
                      Object {
                        "alignItems": "center",
                        "alignSelf": "stretch",
                        "backgroundColor": "transparent",
                        "justifyContent": "center",
                      },
                      Object {
                        "borderRadius": 15,
                      },
                    ]
                  }
                >
                  <View
                    style={
                      Array [
                        Object {
                          "alignItems": "center",
                          "position": "relative",
                          "width": 100,
                        },
                      ]
                    }
                  >
                    <SvgMock />
                    <Text
                      style={
                        Array [
                          Object {
                            "color": "#000000",
                            "fontFamily": "System",
                            "fontWeight": "400",
                            "textAlign": "left",
                          },
                          Array [
                            Object {
                              "color": "white",
                              "fontSize": 10,
                              "position": "absolute",
                              "textShadowColor": "'rgba(0, 0, 0, 0.75)'",
                              "textShadowRadius": 2,
                              "top": 9,
                            },
                          ],
                        ]
                      }
                    >
                      100
                      km
                    </Text>
                  </View>
                </View>
              </View>
            </View>
          </View>
        </View>
      </View>
      <View
        style={
          Array [
            Object {
              "backgroundColor": "rgba(0, 0, 0, 0.12)",
              "height": 0.5,
            },
            undefined,
            undefined,
          ]
        }
      />
      <View
        style={
          Array [
            Object {
              "marginBottom": 30,
              "marginLeft": 0,
              "marginRight": 0,
              "marginTop": 30,
            },
          ]
        }
      >
        <Text
          style={
            Array [
              Object {
                "color": "#000000",
                "fontFamily": "System",
                "fontWeight": "400",
                "textAlign": "left",
              },
              Array [
                Object {
                  "fontFamily": "bcsans-bold",
                  "fontSize": 18,
                  "marginBottom": 20,
                },
              ],
            ]
          }
        >
          Activities
        </Text>
      </View>
      <View
        style={
          Array [
            Object {
              "backgroundColor": "rgba(0, 0, 0, 0.12)",
              "height": 0.5,
            },
            undefined,
            undefined,
          ]
        }
      />
      <View
        style={
          Array [
            Object {
              "marginBottom": 30,
              "marginLeft": 0,
              "marginRight": 0,
              "marginTop": 30,
            },
          ]
        }
      >
        <Text
          style={
            Array [
              Object {
                "color": "#000000",
                "fontFamily": "System",
                "fontWeight": "400",
                "textAlign": "left",
              },
              Array [
                Object {
                  "fontFamily": "bcsans-bold",
                  "fontSize": 18,
                  "marginBottom": 20,
                },
              ],
            ]
          }
        >
          Facilities
        </Text>
      </View>
    </View>
  </RCTScrollView>
  <View
    onLayout={[Function]}
    style={
      Array [
        Object {
          "alignItems": "center",
          "backgroundColor": "white",
          "borderStyle": "solid",
          "borderTopColor": "rgba(0, 0, 0, 0.12)",
          "borderTopWidth": 1,
          "bottom": 0,
          "flexDirection": "row",
          "flexWrap": "wrap",
          "justifyContent": "space-between",
          "minHeight": 70,
          "paddingBottom": 10,
          "paddingLeft": 10,
          "paddingRight": 10,
          "paddingTop": 10,
          "position": "absolute",
          "width": "100%",
        },
      ]
    }
  >
    <View
      style={
        Object {
          "backgroundColor": "transparent",
          "borderColor": "transparent",
          "borderRadius": 4,
          "borderStyle": "solid",
          "borderWidth": 0,
          "elevation": 0,
          "minWidth": "auto",
        }
      }
    >
      <View
        accessibilityRole="button"
        accessibilityState={
          Object {
            "disabled": undefined,
          }
        }
        accessible={true}
        focusable={true}
        onClick={[Function]}
        onResponderGrant={[Function]}
        onResponderMove={[Function]}
        onResponderRelease={[Function]}
        onResponderTerminate={[Function]}
        onResponderTerminationRequest={[Function]}
        onStartShouldSetResponder={[Function]}
        style={
          Array [
            Object {
              "overflow": "hidden",
            },
            Object {
              "borderRadius": 4,
            },
          ]
        }
      >
        <View
          style={
            Array [
              Object {
                "alignItems": "center",
                "flexDirection": "row",
                "justifyContent": "center",
              },
              undefined,
            ]
          }
        >
          <Text
            numberOfLines={1}
            style={
              Array [
                Object {
                  "color": "#000000",
                  "fontFamily": "System",
                  "fontWeight": "400",
                  "textAlign": "left",
                },
                Array [
                  Object {
                    "letterSpacing": 1,
                    "marginHorizontal": 16,
                    "marginVertical": 9,
                    "textAlign": "center",
                  },
                  Object {
                    "marginHorizontal": 8,
                  },
                  Object {
                    "textTransform": "uppercase",
                  },
                  Object {
                    "color": "#6200ee",
                    "fontFamily": "System",
                    "fontWeight": "500",
                  },
                  Object {
                    "fontFamily": "System",
                    "fontWeight": "500",
                  },
                  undefined,
                ],
              ]
            }
          >
            Clear All
          </Text>
        </View>
      </View>
    </View>
    <View
      style={
        Object {
          "backgroundColor": "#ffffff",
          "borderRadius": 4,
          "elevation": 2,
          "shadowColor": "#000000",
          "shadowOffset": Object {
            "height": 0.75,
            "width": 0,
          },
          "shadowOpacity": 0.24,
          "shadowRadius": 1.5,
        }
      }
    >
      <View
        style={
          Object {
            "alignItems": "center",
            "backgroundColor": "#6200ee",
            "borderColor": "transparent",
            "borderRadius": 4,
            "borderStyle": "solid",
            "borderWidth": 0,
            "elevation": 0,
            "justifyContent": "center",
            "minWidth": 64,
          }
        }
      >
        <View
          accessibilityRole="button"
          accessibilityState={
            Object {
              "disabled": undefined,
            }
          }
          accessible={true}
          focusable={true}
          onClick={[Function]}
          onResponderGrant={[Function]}
          onResponderMove={[Function]}
          onResponderRelease={[Function]}
          onResponderTerminate={[Function]}
          onResponderTerminationRequest={[Function]}
          onStartShouldSetResponder={[Function]}
          style={
            Array [
              Object {
                "overflow": "hidden",
              },
              Object {
                "borderRadius": 4,
              },
            ]
          }
        >
          <View
            style={
              Array [
                Object {
                  "alignItems": "center",
                  "flexDirection": "row",
                  "justifyContent": "center",
                },
                Object {
                  "minHeight": 40,
                },
              ]
            }
          >
            <Text
              numberOfLines={1}
              style={
                Array [
                  Object {
                    "color": "#000000",
                    "fontFamily": "System",
                    "fontWeight": "400",
                    "textAlign": "left",
                  },
                  Array [
                    Object {
                      "letterSpacing": 1,
                      "marginHorizontal": 16,
                      "marginVertical": 9,
                      "textAlign": "center",
                    },
                    undefined,
                    Object {
                      "textTransform": "uppercase",
                    },
                    Object {
                      "color": "#ffffff",
                      "fontFamily": "System",
                      "fontWeight": "500",
                    },
                    Object {
                      "fontFamily": "System",
                      "fontWeight": "500",
                    },
                    Object {
                      "color": "#6200ee",
                      "fontFamily": "bcsans-bold",
                    },
                  ],
                ]
              }
            >
              Show 0 parks
            </Text>
          </View>
        </View>
      </View>
    </View>
  </View>
</RCTSafeAreaView>
`;
