// Jest Snapshot v1, https://goo.gl/fbAQLP

exports[`renders with no uri and favorited set to true 1`] = `
<View
  accessibilityLabel="navigate to park details"
  style={
    Object {
      "backgroundColor": "#ffffff",
      "borderRadius": 13,
      "elevation": 6,
      "height": 220,
      "shadowColor": "#000000",
      "shadowOffset": Object {
        "height": 5,
        "width": 0,
      },
      "shadowOpacity": 0.24,
      "shadowRadius": 6,
      "width": 260,
    }
  }
>
  <View
    accessible={true}
    focusable={true}
    onClick={[Function]}
    onResponderGrant={[Function]}
    onResponderMove={[Function]}
    onResponderRelease={[Function]}
    onResponderTerminate={[Function]}
    onResponderTerminationRequest={[Function]}
    onStartShouldSetResponder={[Function]}
    style={
      Object {
        "flexGrow": 1,
        "flexShrink": 1,
      }
    }
  >
    <View
      accessibilityIgnoresInvertColors={true}
      style={
        Array [
          Object {
            "height": 135,
            "position": "relative",
          },
        ]
      }
    >
      <Image
        closure={false}
        defaultSource={1}
        index={0}
        resizeMode="cover"
        siblings={
          Array [
            "Styled(ImageBackground)",
            "Styled(Card.Content)",
          ]
        }
        source={1}
        style={
          Array [
            Object {
              "bottom": 0,
              "left": 0,
              "position": "absolute",
              "right": 0,
              "top": 0,
            },
            Object {
              "height": undefined,
              "width": undefined,
            },
            Object {
              "borderTopLeftRadius": 13,
              "borderTopRightRadius": 13,
            },
          ]
        }
        total={2}
      />
    </View>
    <View
      style={
        Array [
          Object {
            "paddingHorizontal": 16,
          },
          Object {
            "paddingBottom": 16,
          },
          Array [
            Object {
              "flexBasis": 0,
              "flexGrow": 1,
              "flexShrink": 1,
              "justifyContent": "space-between",
              "marginTop": 15,
            },
          ],
        ]
      }
    >
      <View
        style={
          Array [
            Object {
              "alignItems": "center",
              "flexDirection": "row",
              "justifyContent": "space-between",
            },
          ]
        }
      >
        <Text
          numberOfLines={3}
          style={
            Array [
              Object {
                "color": "#000000",
                "fontFamily": "System",
                "fontWeight": "400",
                "textAlign": "left",
              },
              Array [
                Object {
                  "fontWeight": "bold",
                  "width": "90%",
                },
              ],
            ]
          }
        >
          Adventure Park
        </Text>
        <View
          accessible={true}
          focusable={true}
          hitSlop={
            Object {
              "bottom": 50,
              "left": 50,
              "right": 50,
              "top": 50,
            }
          }
          onBlur={[Function]}
          onClick={[Function]}
          onFocus={[Function]}
          onResponderGrant={[Function]}
          onResponderMove={[Function]}
          onResponderRelease={[Function]}
          onResponderTerminate={[Function]}
          onResponderTerminationRequest={[Function]}
          onStartShouldSetResponder={[Function]}
        >
          <View
            accessibilityLabel="favorite park"
            name="heart"
            size={20}
          />
        </View>
      </View>
      <View
        style={
          Array [
            Object {
              "alignItems": "center",
              "flexDirection": "row",
              "justifyContent": "space-between",
            },
          ]
        }
      >
        <SvgMock
          accessibilityLabel="Conservancy"
          height={26}
          width={26}
        />
        <Text
          style={
            Array [
              Object {
                "color": "#000000",
                "fontFamily": "System",
                "fontWeight": "400",
                "textAlign": "left",
              },
              Array [
                Object {
                  "fontSize": 12,
                  "opacity": 0.6,
                },
              ],
            ]
          }
        >
          297KM AWAY
        </Text>
      </View>
    </View>
  </View>
</View>
`;
